cpc_ShowTileMap
cpc_ShowScrTileMap
cpc_ShowScrTileMap2
cpc_TouchTileXY
cpc_SetTouchTileXY
cpc_TouchTileSpXY
cpc_ResetTouchedTiles
cpc_UpdScr
cpc_ShowTouchedTiles
cpc_ShowTouchedTiles2
cpc_PutSpTileMap
cpc_PutMaskSpTileMap2b
cpc_PutORSpTileMap2b
cpc_PutSpTileMap2b
cpc_PutMaskSpriteTileMap2b
cpc_PutTrSpriteTileMap2b
cpc_PutTrSpTileMap2b
cpc_SuperbufferAddress
cpc_SetTile
cpc_ReadTile
cpc_PutSp
cpc_PutSp0
cpc_PutMaskSp2x8
cpc_PutMaskSp4x16
cpc_PutTile2x8
cpc_PutTile4x16
cpc_SpRLM1
cpc_SpRRM1
cpc_SetInk
cpc_SetBorder
cpc_TestKeyboard
cpc_TestKey
cpc_AnyKeyPressed
cpc_RedefineKey
cpc_DeleteKeys
cpc_AssignKey
cpc_PrintStr
cpc_Random
cpc_GetScrAddress
cpc_GetScrAddress0
cpc_GetSp
cpc_GetSp0
cpc_PutSpTr
cpc_PutSpTr0
cpc_Uncrunch
cpc_SetMode
cpc_SetModo
cpc_SetColour
cpc_PrintGphStr
cpc_PrintGphStr2X
cpc_PrintGphStr0
cpc_PrintGphStr0M1
cpc_PrintGphStrM1
cpc_PrintGphStrM12X
cpc_PrintGphStrXY
cpc_PrintGphStrXY2X
cpc_PrintGphStrXYM1
cpc_PrintGphStrXYM12X
cpc_SetInkGphStr
cpc_SetInkGphStrM1
cpc_Chars
cpc_Chars8
cpc_InitTileMap
cpc_UpdScrAddresses
cpc_UpdTileTable
cpc_PutMaskSp0
cpc_PutMaskSp
cpc_PutSpXOR
cpc_PutSpXOR0
cpc_PutSpriteXOR
cpc_PutMaskSprite
cpc_PutSprite
cpc_SpUpdX
cpc_SpUpdY
cpc_CollSp
cpc_UpdateTileMap
cpc_UnExo
cpc_ScrollLeft0
cpc_ScrollRight0
cpc_PutTrSp8x16TileMap2b
cpc_PutCpSpTileMap2b
cpc_GetTiles
cpc_PutTiles
cpc_TouchTiles
cpc_RRI
cpc_RLI
cpc_PrintGphStrStd
cpc_PrintGphStrStd0
cpc_PrintGphStrStdXY
cpc_DisableFirmware
cpc_EnableFirmware
cpc_ClrScr
cpc_KeysData
cpc_ScanKeyboard
cpc_TestKeyF
cpc_PutSpTileMapO