Modules list:
-------------
bit_bang_sounds.o:
    CODE              Offs=000000  Size=00009D  Align=00001  Fill=0000
sleep_macros.o:
    CODE              Offs=00009D  Size=00002F  Align=00001  Fill=0000
hgr.o:
    HGR               Offs=000000  Size=002000  Align=00001  Fill=0000
display_macros.o:
    CODE              Offs=0000CC  Size=000038  Align=00001  Fill=0000
input_macros.o:
    CODE              Offs=000104  Size=00001F  Align=00001  Fill=0000
text_macros.o:
    CODE              Offs=000123  Size=000029  Align=00001  Fill=0000
move_player.o:
    CODE              Offs=00014C  Size=000094  Align=00001  Fill=0000
ghost.o:
    CODE              Offs=0001E0  Size=0000C0  Align=00001  Fill=0000
level.o:
    CODE              Offs=0002A0  Size=00069C  Align=00001  Fill=0000
character.o:
    CODE              Offs=00093C  Size=00051B  Align=00001  Fill=0000
game_text.o:
    CODE              Offs=000E57  Size=000217  Align=00001  Fill=0000
    RODATA            Offs=000000  Size=0000EE  Align=00001  Fill=0000
main.o:
    CODE              Offs=00106E  Size=0006DC  Align=00001  Fill=0000
    BSS               Offs=000000  Size=000120  Align=00001  Fill=0000
init_images.o:
    CODE              Offs=00174A  Size=0000C9  Align=00001  Fill=0000
    BSS               Offs=000120  Size=00002C  Align=00001  Fill=0000
strategy.o:
    CODE              Offs=001813  Size=000203  Align=00001  Fill=0000
item.o:
    CODE              Offs=001A16  Size=000300  Align=00001  Fill=0000
skull.o:
    CODE              Offs=001D16  Size=0000C7  Align=00001  Fill=0000
bullet.o:
    CODE              Offs=001DDD  Size=0003DA  Align=00001  Fill=0000
    RODATA            Offs=0000EE  Size=000002  Align=00001  Fill=0000
horizontal_missile.o:
    CODE              Offs=0021B7  Size=000124  Align=00001  Fill=0000
rocket.o:
    CODE              Offs=0022DB  Size=000106  Align=00001  Fill=0000
end_screen.o:
    RODATA            Offs=0000F0  Size=000008  Align=00001  Fill=0000
    LOWCODE           Offs=000000  Size=000104  Align=00001  Fill=0000
apple2_hgr_init_graphics.o:
    DATA              Offs=000000  Size=000488  Align=00001  Fill=0000
    LOWCODE           Offs=000104  Size=0001EF  Align=00001  Fill=0000
C:\cc65-snapshot-win32\lib/apple2.lib(_cursor.o):
    BSS               Offs=00014C  Size=000001  Align=00001  Fill=0000
C:\cc65-snapshot-win32\lib/apple2.lib(_hextab.o):
    RODATA            Offs=0000F8  Size=000010  Align=00001  Fill=0000
C:\cc65-snapshot-win32\lib/apple2.lib(_longminstr.o):
    RODATA            Offs=000108  Size=00000C  Align=00001  Fill=0000
C:\cc65-snapshot-win32\lib/apple2.lib(_printf.o):
    CODE              Offs=0023E1  Size=0003A5  Align=00001  Fill=0000
    BSS               Offs=00014D  Size=00002B  Align=00001  Fill=0000
    DATA              Offs=000488  Size=000003  Align=00001  Fill=0000
C:\cc65-snapshot-win32\lib/apple2.lib(add.o):
    CODE              Offs=002786  Size=00001C  Align=00001  Fill=0000
C:\cc65-snapshot-win32\lib/apple2.lib(addeqsp.o):
    CODE              Offs=0027A2  Size=000011  Align=00001  Fill=0000
C:\cc65-snapshot-win32\lib/apple2.lib(addysp.o):
    CODE              Offs=0027B3  Size=00000E  Align=00001  Fill=0000
C:\cc65-snapshot-win32\lib/apple2.lib(aslax1.o):
    CODE              Offs=0027C1  Size=000008  Align=00001  Fill=0000
C:\cc65-snapshot-win32\lib/apple2.lib(aslax2.o):
    CODE              Offs=0027C9  Size=00000B  Align=00001  Fill=0000
C:\cc65-snapshot-win32\lib/apple2.lib(aslax3.o):
    CODE              Offs=0027D4  Size=00000E  Align=00001  Fill=0000
C:\cc65-snapshot-win32\lib/apple2.lib(aslax4.o):
    CODE              Offs=0027E2  Size=000011  Align=00001  Fill=0000
C:\cc65-snapshot-win32\lib/apple2.lib(axlong.o):
    CODE              Offs=0027F3  Size=00000D  Align=00001  Fill=0000
C:\cc65-snapshot-win32\lib/apple2.lib(bneg.o):
    CODE              Offs=002800  Size=00000E  Align=00001  Fill=0000
C:\cc65-snapshot-win32\lib/apple2.lib(call.o):
    CODE              Offs=00280E  Size=000007  Align=00001  Fill=0000
C:\cc65-snapshot-win32\lib/apple2.lib(callmain.o):
    CODE              Offs=002815  Size=000017  Align=00001  Fill=0000
    DATA              Offs=00048B  Size=000004  Align=00001  Fill=0000
C:\cc65-snapshot-win32\lib/apple2.lib(cgetc.o):
    CODE              Offs=00282C  Size=000028  Align=00001  Fill=0000
C:\cc65-snapshot-win32\lib/apple2.lib(condes.o):
    CODE              Offs=002854  Size=00000C  Align=00001  Fill=0000
    DATA              Offs=00048F  Size=000025  Align=00001  Fill=0000
    ONCE              Offs=000000  Size=00000C  Align=00001  Fill=0000
C:\cc65-snapshot-win32\lib/apple2.lib(cprintf.o):
    CODE              Offs=002860  Size=00002A  Align=00001  Fill=0000
    BSS               Offs=000178  Size=000001  Align=00001  Fill=0000
C:\cc65-snapshot-win32\lib/apple2.lib(cputc.o):
    CODE              Offs=00288A  Size=000043  Align=00001  Fill=0000
C:\cc65-snapshot-win32\lib/apple2.lib(crt0.o):
    CODE              Offs=0028CD  Size=000012  Align=00001  Fill=0000
    RODATA            Offs=000114  Size=000007  Align=00001  Fill=0000
    DATA              Offs=0004B4  Size=000003  Align=00001  Fill=0000
    STARTUP           Offs=000000  Size=000034  Align=00001  Fill=0000
    ONCE              Offs=00000C  Size=00006A  Align=00001  Fill=0000
    INIT              Offs=000000  Size=00001D  Align=00001  Fill=0000
C:\cc65-snapshot-win32\lib/apple2.lib(ctype.o):
    RODATA            Offs=00011B  Size=00008B  Align=00001  Fill=0000
C:\cc65-snapshot-win32\lib/apple2.lib(ctypemask.o):
    CODE              Offs=0028DF  Size=00001E  Align=00001  Fill=0000
C:\cc65-snapshot-win32\lib/apple2.lib(decax1.o):
    CODE              Offs=0028FD  Size=000007  Align=00001  Fill=0000
C:\cc65-snapshot-win32\lib/apple2.lib(decax2.o):
    CODE              Offs=002904  Size=000007  Align=00001  Fill=0000
C:\cc65-snapshot-win32\lib/apple2.lib(decsp1.o):
    CODE              Offs=00290B  Size=000009  Align=00001  Fill=0000
C:\cc65-snapshot-win32\lib/apple2.lib(decsp2.o):
    CODE              Offs=002914  Size=00000D  Align=00001  Fill=0000
C:\cc65-snapshot-win32\lib/apple2.lib(decsp3.o):
    CODE              Offs=002921  Size=00000D  Align=00001  Fill=0000
C:\cc65-snapshot-win32\lib/apple2.lib(decsp4.o):
    CODE              Offs=00292E  Size=00000D  Align=00001  Fill=0000
C:\cc65-snapshot-win32\lib/apple2.lib(decsp6.o):
    CODE              Offs=00293B  Size=00000D  Align=00001  Fill=0000
C:\cc65-snapshot-win32\lib/apple2.lib(div.o):
    CODE              Offs=002948  Size=000015  Align=00001  Fill=0000
C:\cc65-snapshot-win32\lib/apple2.lib(exehdr.o):
    EXEHDR            Offs=000000  Size=00003A  Align=00001  Fill=0000
C:\cc65-snapshot-win32\lib/apple2.lib(gotoxy.o):
    CODE              Offs=00295D  Size=000011  Align=00001  Fill=0000
C:\cc65-snapshot-win32\lib/apple2.lib(icmp.o):
    CODE              Offs=00296E  Size=00002E  Align=00001  Fill=0000
C:\cc65-snapshot-win32\lib/apple2.lib(incax1.o):
    CODE              Offs=00299C  Size=000007  Align=00001  Fill=0000
C:\cc65-snapshot-win32\lib/apple2.lib(incaxy.o):
    CODE              Offs=0029A3  Size=00000B  Align=00001  Fill=0000
C:\cc65-snapshot-win32\lib/apple2.lib(incsp1.o):
    CODE              Offs=0029AE  Size=000007  Align=00001  Fill=0000
C:\cc65-snapshot-win32\lib/apple2.lib(incsp2.o):
    CODE              Offs=0029B5  Size=000016  Align=00001  Fill=0000
C:\cc65-snapshot-win32\lib/apple2.lib(incsp3.o):
    CODE              Offs=0029CB  Size=000005  Align=00001  Fill=0000
C:\cc65-snapshot-win32\lib/apple2.lib(incsp4.o):
    CODE              Offs=0029D0  Size=000005  Align=00001  Fill=0000
C:\cc65-snapshot-win32\lib/apple2.lib(incsp5.o):
    CODE              Offs=0029D5  Size=000005  Align=00001  Fill=0000
C:\cc65-snapshot-win32\lib/apple2.lib(incsp6.o):
    CODE              Offs=0029DA  Size=000005  Align=00001  Fill=0000
C:\cc65-snapshot-win32\lib/apple2.lib(incsp7.o):
    CODE              Offs=0029DF  Size=000005  Align=00001  Fill=0000
C:\cc65-snapshot-win32\lib/apple2.lib(kbhit.o):
    CODE              Offs=0029E4  Size=000009  Align=00001  Fill=0000
C:\cc65-snapshot-win32\lib/apple2.lib(ldaxi.o):
    CODE              Offs=0029ED  Size=00000D  Align=00001  Fill=0000
C:\cc65-snapshot-win32\lib/apple2.lib(ldaxsp.o):
    CODE              Offs=0029FA  Size=000009  Align=00001  Fill=0000
C:\cc65-snapshot-win32\lib/apple2.lib(lneg.o):
    CODE              Offs=002A03  Size=00001E  Align=00001  Fill=0000
C:\cc65-snapshot-win32\lib/apple2.lib(lpush.o):
    CODE              Offs=002A21  Size=000021  Align=00001  Fill=0000
C:\cc65-snapshot-win32\lib/apple2.lib(ltoa.o):
    CODE              Offs=002A42  Size=000095  Align=00001  Fill=0000
C:\cc65-snapshot-win32\lib/apple2.lib(makebool.o):
    CODE              Offs=002AD7  Size=00002C  Align=00001  Fill=0000
C:\cc65-snapshot-win32\lib/apple2.lib(mod.o):
    CODE              Offs=002B03  Size=000011  Align=00001  Fill=0000
C:\cc65-snapshot-win32\lib/apple2.lib(mul.o):
    CODE              Offs=002B14  Size=000045  Align=00001  Fill=0000
C:\cc65-snapshot-win32\lib/apple2.lib(mul8.o):
    CODE              Offs=002B59  Size=00003A  Align=00001  Fill=0000
C:\cc65-snapshot-win32\lib/apple2.lib(mulax5.o):
    CODE              Offs=002B93  Size=000014  Align=00001  Fill=0000
C:\cc65-snapshot-win32\lib/apple2.lib(mulax6.o):
    CODE              Offs=002BA7  Size=000016  Align=00001  Fill=0000
C:\cc65-snapshot-win32\lib/apple2.lib(negabs.o):
    CODE              Offs=002BBD  Size=000012  Align=00001  Fill=0000
C:\cc65-snapshot-win32\lib/apple2.lib(popa.o):
    CODE              Offs=002BCF  Size=00000C  Align=00001  Fill=0000
C:\cc65-snapshot-win32\lib/apple2.lib(popptr1.o):
    CODE              Offs=002BDB  Size=00000E  Align=00001  Fill=0000
C:\cc65-snapshot-win32\lib/apple2.lib(push1.o):
    CODE              Offs=002BE9  Size=000005  Align=00001  Fill=0000
C:\cc65-snapshot-win32\lib/apple2.lib(pusha.o):
    CODE              Offs=002BEE  Size=000016  Align=00001  Fill=0000
C:\cc65-snapshot-win32\lib/apple2.lib(pushax.o):
    CODE              Offs=002C04  Size=00001A  Align=00001  Fill=0000
C:\cc65-snapshot-win32\lib/apple2.lib(pushw.o):
    CODE              Offs=002C1E  Size=00000F  Align=00001  Fill=0000
C:\cc65-snapshot-win32\lib/apple2.lib(pushwsp.o):
    CODE              Offs=002C2D  Size=00001C  Align=00001  Fill=0000
C:\cc65-snapshot-win32\lib/apple2.lib(rand.o):
    CODE              Offs=002C49  Size=000034  Align=00001  Fill=0000
    DATA              Offs=0004B7  Size=000004  Align=00001  Fill=0000
C:\cc65-snapshot-win32\lib/apple2.lib(shelp.o):
    CODE              Offs=002C7D  Size=000020  Align=00001  Fill=0000
C:\cc65-snapshot-win32\lib/apple2.lib(shrax1.o):
    CODE              Offs=002C9D  Size=000008  Align=00001  Fill=0000
C:\cc65-snapshot-win32\lib/apple2.lib(staxsp.o):
    CODE              Offs=002CA5  Size=00000B  Align=00001  Fill=0000
C:\cc65-snapshot-win32\lib/apple2.lib(strlen.o):
    CODE              Offs=002CB0  Size=000016  Align=00001  Fill=0000
C:\cc65-snapshot-win32\lib/apple2.lib(strlower.o):
    CODE              Offs=002CC6  Size=000027  Align=00001  Fill=0000
C:\cc65-snapshot-win32\lib/apple2.lib(sub.o):
    CODE              Offs=002CED  Size=000015  Align=00001  Fill=0000
C:\cc65-snapshot-win32\lib/apple2.lib(udiv.o):
    CODE              Offs=002D02  Size=00004F  Align=00001  Fill=0000
C:\cc65-snapshot-win32\lib/apple2.lib(umod.o):
    CODE              Offs=002D51  Size=000011  Align=00001  Fill=0000
C:\cc65-snapshot-win32\lib/apple2.lib(vcprintf.o):
    CODE              Offs=002D62  Size=000078  Align=00001  Fill=0000
    DATA              Offs=0004BB  Size=000008  Align=00001  Fill=0000
C:\cc65-snapshot-win32\lib/apple2.lib(vtabz.o):
    LOWCODE           Offs=0002F3  Size=00000A  Align=00001  Fill=0000
C:\cc65-snapshot-win32\lib/apple2.lib(zerobss.o):
    CODE              Offs=002DDA  Size=000023  Align=00001  Fill=0000
C:\cc65-snapshot-win32\lib/apple2.lib(zeropage.o):
    ZEROPAGE          Offs=000000  Size=00001A  Align=00001  Fill=0000


Segment list:
-------------
Name                   Start     End    Size  Align
----------------------------------------------------
ZEROPAGE              000080  000099  00001A  00001
EXEHDR                0007C9  000802  00003A  00001
STARTUP               000803  000836  000034  00001
LOWCODE               000837  000B33  0002FD  00001
HGR                   002000  003FFF  002000  00001
CODE                  004000  006DFC  002DFD  00001
RODATA                006DFD  006FA2  0001A6  00001
DATA                  006FA3  007465  0004C3  00001
INIT                  007466  007482  00001D  00001
BSS                   007483  0075FB  000179  00001
ONCE                  007483  0074F8  000076  00001


Exports list by name:
---------------------
VTABZ                     000B2A RLA    _BOMB_IMAGE               0075A7 RLA    
_BROKEN_BRICK_IMAGE       0075CD RLA    _BULLET_IMAGE             0075AD RLA    
_CLICK                    004000 RLA    _CONFUSE_IMAGE            0075C9 RLA    
_DEAD_GHOST_IMAGE         0075A9 RLA    _DRAW_BROKEN_BRICK        004E37 RLA    
_DRAW_HORIZONTAL_LINE     0042A0 RLA    _DRAW_VERTICAL_LINE       0042DB RLA    
_EXTRA_LIFE_IMAGE         0075C1 RLA    _EXTRA_POINTS_IMAGE       0075B3 RLA    
_FREEZE_IMAGE             0075BF RLA    _GET_CHAR                 004104 RLA    
_GHOST_IMAGE              0075A5 RLA    _GUN_IMAGE                0075AF RLA    
_HORIZONTAL_BRICK_IMAGE   0075B5 RLA    _INIT_IMAGES              00574A RLA    
_INVINCIBILITY_IMAGE      0075C3 RLA    _LEFT_HORIZONTAL_MISSILE_IMAGE 0075B9 RLA    
_MOVE_PLAYER              00414C RLA    _NOISE                    00404B RLA    
_PLAYER_IMAGE             0075A3 RLA    _POWERUP_IMAGE            0075AB RLA    
_RIGHT_HORIZONTAL_MISSILE_IMAGE 0075BB RLA    _ROCKET_IMAGE             0075BD RLA    
_SKULL_IMAGE              0075B1 RLA    _SUPER_IMAGE              0075C7 RLA    
_VERTICAL_BRICK_IMAGE     0075B7 RLA    _ZOMBIE_IMAGE             0075CB RLA    
__BSS_RUN__               007483 RLA    __BSS_SIZE__              000179 REA    
__CONSTRUCTOR_COUNT__     000000 REA    __CONSTRUCTOR_TABLE__     0074F9 RLA    
__DESTRUCTOR_COUNT__      000000 REA    __DESTRUCTOR_TABLE__      006FA3 RLA    
__EXEHDR__                000001 REA    __FILETYPE__              000006 REA    
__HIMEM__                 009600 REA    __LCADDR__                00D400 REA    
__LCSIZE__                000C00 REA    __LC_LAST__               00D400 RLA    
__LC_START__              00D400 RLA    __MAIN_LAST__             0074F9 RLA    
__MAIN_START__            000803 RLA    __ONCE_LOAD__             007483 RLA    
__ONCE_RUN__              007483 RLA    __ONCE_SIZE__             000076 REA    
__STACKSIZE__             000800 REA    __STARTUP__               000001 REA    
__XL_CLEAR_SCREEN         0040CC RLA    __XL_INIT_GRAPHICS        000B1B RLA    
__XL_PRINT_CENTERED_ON_ROW 004123 RLA    __XL_SLEEP                00409D RLA    
__XL_WAIT_FOR_INPUT       00410E RLA    __blink_draw              00493C RLA    
__ctype                   006F18 RLA    __ctypeidx                006F23 RLA    
__hextab                  006EF5 RLA    __longminstr              006F05 RLA    
__printScore              004FF8 RLA    __printf                  0064D4 RLA    
_all_skulls_killed_in_completed_levels 00756C RLA    _arrowRange               00756B RLA    
_arrowYPosition           00759B RLA    _bombs                    0074E0 RLA    
_bossLevel                0048BB RLA    _bullet                   0074B3 RLA    
_bulletDirection          00748F RLA    _cgetc                    00682C RLA    
_chase                    007546 RLA    _chaseCharacter           005989 RLA    
_chaseEffect              005CC9 RLA    _chasedEnemyPtr           00755F RLA    
_chasingBullet            00755A RLA    _checkBombsVsGhost        004B30 RLA    
_checkBullet              005E2E RLA    _computeGhostSlowDown     0041E0 RLA    
_computeStrategy          00592B RLA    _confuse                  007532 RLA    
_confuseActive            007570 RLA    _confuseEffect            005C53 RLA    
_confuse_count_down       00758A RLA    _cprintf                  006860 RLA    
_cputc                    00688F RLA    _dance                    000837 RLA    
_decreaseGhostLevel       004216 RLA    _deleteCharacter          004A2F RLA    
_destroyed_bases          00756A RLA    _destroyed_bases_in_completed_leveles 00756D RLA    
_displayBombs             00423A RLA    _displayCharacter         0049E1 RLA    
_displayStats             004E57 RLA    _displayStatsTitles       004E76 RLA    
_extraLife                00751E RLA    _extraLifeEffect          005C16 RLA    
_extraLife_present_on_level 007567 RLA    _extraPoints              0074A9 RLA    
_extraPointsEffect        005B31 RLA    _fillLevelWithCharacters  0043DF RLA    
_firstAlive               004266 RLA    _freeze                   00750A RLA    
_freezeActive             007596 RLA    _freezeEffect             005C08 RLA    
_freeze_count_down        007594 RLA    _gameCompleted            00089F RLA    
_ghostCount               007485 RLA    _ghostDies                004C89 RLA    
_ghostLevel               007489 RLA    _ghostSlowDown            0074F9 RLA    
_ghosts                   0074B8 RLA    _gotoxy                   006960 RLA    
_gun                      00749F RLA    _gunEffect                005B23 RLA    
_guns                     007599 RLA    _handle_bullet            005DDD RLA    
_handle_chasing_bullet    00614D RLA    _handle_count_down        005A16 RLA    
_handle_horizontal_missiles 0062B3 RLA    _handle_item              005B57 RLA    
_handle_rockets           0062DB RLA    _handle_skull             005D16 RLA    
_hgr_delete               000A73 RLA    _hgr_draw                 00093B RLA    
_highScore                0074FB RLA    _horizontalWallsLength    00756E RLA    
_horizontalWallsLevel     0048C9 RLA    _horizontalWallsReached   004E05 RLA    
_ind                      0074FF RLA    _initializeCharacter      004A53 RLA    
_innerVerticalWallLength  007574 RLA    _innerVerticalWallY       007572 RLA    
_innerWallReached         004DB1 RLA    _invincibility            007514 RLA    
_invincibilityActive      00756F RLA    _invincibilityEffect      005C31 RLA    
_invincibility_count_down 007589 RLA    _isBossLevel              00759C RLA    
_isCharacterAtLocation    004A9E RLA    _isMissileLevel           00759E RLA    
_isOneMissileLevel        00759D RLA    _isRocketLevel            00759F RLA    
_kbhit                    0069E4 RLA    _leftHorizontalMissile    007550 RLA    
_level                    0074FE RLA    _levelSlowDown            0075A1 RLA    
_lives                    0074FD RLA    _loop                     007486 RLA    
_ltoa                     006A5A RLA    _main                     00517D RLA    
_missileLevel             0048A7 RLA    _moveCharacter            005813 RLA    
_moveTowardCharacter      0058F3 RLA    _oneMissileLevel          00484C RLA    
_player                   0074F4 RLA    _playerDies               004B19 RLA    
_playerDirection          007595 RLA    _playerFire               007598 RLA    
_playerKilledBy           0049A4 RLA    _points                   007483 RLA    
_powerUp                  007495 RLA    _powerUp2                 007500 RLA    
_powerUp2Effect           005AFE RLA    _powerUpEffect            005AF0 RLA    
_printDefeatMessage       004F7C RLA    _printExtraLife           004F64 RLA    
_printGameOver            004F70 RLA    _printGhostCountStats     004EF0 RLA    
_printGunsStats           004EB8 RLA    _printHints               005023 RLA    
_printKillTheSkull        00500B RLA    _printLevel               004F28 RLA    
_printLevelStats          004ED4 RLA    _printLivesStats          004F0C RLA    
_printPressKeyToStart     004FC9 RLA    _printStartMessage        004F88 RLA    
_printVictoryMessage      004F58 RLA    _rand                     006C55 RLA    
_reducePowerUpsCoolDowns  005A57 RLA    _relocateCharacter        004C02 RLA    
_rightHorizontalMissile   007555 RLA    _rocketLevel              00486F RLA    
_rockets                  007575 RLA    _rockets_x                007563 RLA    
_sameLocationAsAnyLocation 004D64 RLA    _skull                    007490 RLA    
_skullActive              00759A RLA    _skullSlowDown            00748B RLA    
_skullXCountDown          00748D RLA    _skullYCountDown          00748E RLA    
_spiral                   004317 RLA    _strategyArray            00758C RLA    
_strlen                   006CB0 RLA    _strlower                 006CC6 RLA    
_super                    007528 RLA    _superEffect              005C3F RLA    
_ultoa                    006A9B RLA    _updateInnerWallVerticalData 004807 RLA    
_vcprintf                 006DAA RLA    _wallReached              004AD1 RLA    
_zombie                   00753C RLA    _zombieActive             007571 RLA    
_zombieEffect             005C68 RLA    _zombie_count_down        00758B RLA    
addeq0sp                  0067A2 RLA    addeqysp                  0067A4 RLA    
addysp                    0067B4 RLA    addysp1                   0067B3 RLA    
aslax1                    0067C1 RLA    aslax2                    0067C9 RLA    
axlong                    0067F3 RLA    axulong                   0067F9 RLA    
bnega                     006804 RLA    bnegax                    006800 RLA    
booleq                    006ADD RLA    callax                    00680E RLA    
callmain                  006815 RLA    ctypemaskdirect           0068E3 RLA    
cursor                    0075CF RLA    decax1                    0068FD RLA    
decax2                    006904 RLA    decsp1                    00690B RLA    
decsp2                    006914 RLA    decsp3                    006921 RLA    
decsp4                    00692E RLA    decsp6                    00693B RLA    
donelib                   006854 RLA    gotoxy                    00695D RLA    
incax1                    00699C RLA    incaxy                    0069A5 RLA    
incsp1                    0069AE RLA    incsp2                    0069BD RLA    
incsp3                    0069CB RLA    incsp4                    0069D0 RLA    
incsp5                    0069D5 RLA    incsp6                    0069DA RLA    
incsp7                    0069DF RLA    initlib                   007483 RLA    
ldax0sp                   0069FA RLA    ldaxi                     0069ED RLA    
ldaxidx                   0069EF RLA    ldaxysp                   0069FC RLA    
mul8x16                   006B5B RLA    mul8x16a                  006B65 RLA    
mulax5                    006B93 RLA    mulax6                    006BA7 RLA    
negax                     006BC1 RLA    negeax                    006A03 RLA    
popa                      006BCF RLA    popax                     0069B5 RLA    
popptr1                   006BDB RLA    popsargsudiv16            006C7D RLA    
ptr1                      000088 RLZ    ptr2                      00008A RLZ    
ptr3                      00008C RLZ    ptr4                      00008E RLZ    
push1                     006BE9 RLA    pusha                     006BF2 RLA    
pusha0                    006C06 RLA    pushax                    006C08 RLA    
pusheax                   006A2A RLA    pushw0sp                  006C2D RLA    
pushwidx                  006C20 RLA    pushwysp                  006C2F RLA    
putchardirect             0068C3 RLA    regbank                   000094 RLZ    
shlax2                    0067C9 RLA    shlax3                    0067D4 RLA    
shlax4                    0067E2 RLA    shrax1                    006C9D RLA    
sp                        000080 RLZ    sreg                      000082 RLZ    
stax0sp                   006CA5 RLA    staxysp                   006CA7 RLA    
tmp1                      000090 RLZ    tmp2                      000091 RLZ    
tosadda0                  006786 RLA    tosaddax                  006788 RLA    
tosdiva0                  006948 RLA    tosicmp                   006970 RLA    
tosmoda0                  006B03 RLA    tosmula0                  006B59 RLA    
tosmulax                  006B14 RLA    tossuba0                  006CED RLA    
tossubax                  006CEF RLA    tosudivax                 006D04 RLA    
tosumoda0                 006D51 RLA    udiv16                    006D13 RLA    
zerobss                   006DDA RLA    


Exports list by value:
----------------------
__DESTRUCTOR_COUNT__      000000 REA    __CONSTRUCTOR_COUNT__     000000 REA    
__STARTUP__               000001 REA    __EXEHDR__                000001 REA    
__FILETYPE__              000006 REA    __ONCE_SIZE__             000076 REA    
sp                        000080 RLZ    sreg                      000082 RLZ    
ptr1                      000088 RLZ    ptr2                      00008A RLZ    
ptr3                      00008C RLZ    ptr4                      00008E RLZ    
tmp1                      000090 RLZ    tmp2                      000091 RLZ    
regbank                   000094 RLZ    __BSS_SIZE__              000179 REA    
__STACKSIZE__             000800 REA    __MAIN_START__            000803 RLA    
_dance                    000837 RLA    _gameCompleted            00089F RLA    
_hgr_draw                 00093B RLA    _hgr_delete               000A73 RLA    
__XL_INIT_GRAPHICS        000B1B RLA    VTABZ                     000B2A RLA    
__LCSIZE__                000C00 REA    _CLICK                    004000 RLA    
_NOISE                    00404B RLA    __XL_SLEEP                00409D RLA    
__XL_CLEAR_SCREEN         0040CC RLA    _GET_CHAR                 004104 RLA    
__XL_WAIT_FOR_INPUT       00410E RLA    __XL_PRINT_CENTERED_ON_ROW 004123 RLA    
_MOVE_PLAYER              00414C RLA    _computeGhostSlowDown     0041E0 RLA    
_decreaseGhostLevel       004216 RLA    _displayBombs             00423A RLA    
_firstAlive               004266 RLA    _DRAW_HORIZONTAL_LINE     0042A0 RLA    
_DRAW_VERTICAL_LINE       0042DB RLA    _spiral                   004317 RLA    
_fillLevelWithCharacters  0043DF RLA    _updateInnerWallVerticalData 004807 RLA    
_oneMissileLevel          00484C RLA    _rocketLevel              00486F RLA    
_missileLevel             0048A7 RLA    _bossLevel                0048BB RLA    
_horizontalWallsLevel     0048C9 RLA    __blink_draw              00493C RLA    
_playerKilledBy           0049A4 RLA    _displayCharacter         0049E1 RLA    
_deleteCharacter          004A2F RLA    _initializeCharacter      004A53 RLA    
_isCharacterAtLocation    004A9E RLA    _wallReached              004AD1 RLA    
_playerDies               004B19 RLA    _checkBombsVsGhost        004B30 RLA    
_relocateCharacter        004C02 RLA    _ghostDies                004C89 RLA    
_sameLocationAsAnyLocation 004D64 RLA    _innerWallReached         004DB1 RLA    
_horizontalWallsReached   004E05 RLA    _DRAW_BROKEN_BRICK        004E37 RLA    
_displayStats             004E57 RLA    _displayStatsTitles       004E76 RLA    
_printGunsStats           004EB8 RLA    _printLevelStats          004ED4 RLA    
_printGhostCountStats     004EF0 RLA    _printLivesStats          004F0C RLA    
_printLevel               004F28 RLA    _printVictoryMessage      004F58 RLA    
_printExtraLife           004F64 RLA    _printGameOver            004F70 RLA    
_printDefeatMessage       004F7C RLA    _printStartMessage        004F88 RLA    
_printPressKeyToStart     004FC9 RLA    __printScore              004FF8 RLA    
_printKillTheSkull        00500B RLA    _printHints               005023 RLA    
_main                     00517D RLA    _INIT_IMAGES              00574A RLA    
_moveCharacter            005813 RLA    _moveTowardCharacter      0058F3 RLA    
_computeStrategy          00592B RLA    _chaseCharacter           005989 RLA    
_handle_count_down        005A16 RLA    _reducePowerUpsCoolDowns  005A57 RLA    
_powerUpEffect            005AF0 RLA    _powerUp2Effect           005AFE RLA    
_gunEffect                005B23 RLA    _extraPointsEffect        005B31 RLA    
_handle_item              005B57 RLA    _freezeEffect             005C08 RLA    
_extraLifeEffect          005C16 RLA    _invincibilityEffect      005C31 RLA    
_superEffect              005C3F RLA    _confuseEffect            005C53 RLA    
_zombieEffect             005C68 RLA    _chaseEffect              005CC9 RLA    
_handle_skull             005D16 RLA    _handle_bullet            005DDD RLA    
_checkBullet              005E2E RLA    _handle_chasing_bullet    00614D RLA    
_handle_horizontal_missiles 0062B3 RLA    _handle_rockets           0062DB RLA    
__printf                  0064D4 RLA    tosadda0                  006786 RLA    
tosaddax                  006788 RLA    addeq0sp                  0067A2 RLA    
addeqysp                  0067A4 RLA    addysp1                   0067B3 RLA    
addysp                    0067B4 RLA    aslax1                    0067C1 RLA    
shlax2                    0067C9 RLA    aslax2                    0067C9 RLA    
shlax3                    0067D4 RLA    shlax4                    0067E2 RLA    
axlong                    0067F3 RLA    axulong                   0067F9 RLA    
bnegax                    006800 RLA    bnega                     006804 RLA    
callax                    00680E RLA    callmain                  006815 RLA    
_cgetc                    00682C RLA    donelib                   006854 RLA    
_cprintf                  006860 RLA    _cputc                    00688F RLA    
putchardirect             0068C3 RLA    ctypemaskdirect           0068E3 RLA    
decax1                    0068FD RLA    decax2                    006904 RLA    
decsp1                    00690B RLA    decsp2                    006914 RLA    
decsp3                    006921 RLA    decsp4                    00692E RLA    
decsp6                    00693B RLA    tosdiva0                  006948 RLA    
gotoxy                    00695D RLA    _gotoxy                   006960 RLA    
tosicmp                   006970 RLA    incax1                    00699C RLA    
incaxy                    0069A5 RLA    incsp1                    0069AE RLA    
popax                     0069B5 RLA    incsp2                    0069BD RLA    
incsp3                    0069CB RLA    incsp4                    0069D0 RLA    
incsp5                    0069D5 RLA    incsp6                    0069DA RLA    
incsp7                    0069DF RLA    _kbhit                    0069E4 RLA    
ldaxi                     0069ED RLA    ldaxidx                   0069EF RLA    
ldax0sp                   0069FA RLA    ldaxysp                   0069FC RLA    
negeax                    006A03 RLA    pusheax                   006A2A RLA    
_ltoa                     006A5A RLA    _ultoa                    006A9B RLA    
booleq                    006ADD RLA    tosmoda0                  006B03 RLA    
tosmulax                  006B14 RLA    tosmula0                  006B59 RLA    
mul8x16                   006B5B RLA    mul8x16a                  006B65 RLA    
mulax5                    006B93 RLA    mulax6                    006BA7 RLA    
negax                     006BC1 RLA    popa                      006BCF RLA    
popptr1                   006BDB RLA    push1                     006BE9 RLA    
pusha                     006BF2 RLA    pusha0                    006C06 RLA    
pushax                    006C08 RLA    pushwidx                  006C20 RLA    
pushw0sp                  006C2D RLA    pushwysp                  006C2F RLA    
_rand                     006C55 RLA    popsargsudiv16            006C7D RLA    
shrax1                    006C9D RLA    stax0sp                   006CA5 RLA    
staxysp                   006CA7 RLA    _strlen                   006CB0 RLA    
_strlower                 006CC6 RLA    tossuba0                  006CED RLA    
tossubax                  006CEF RLA    tosudivax                 006D04 RLA    
udiv16                    006D13 RLA    tosumoda0                 006D51 RLA    
_vcprintf                 006DAA RLA    zerobss                   006DDA RLA    
__hextab                  006EF5 RLA    __longminstr              006F05 RLA    
__ctype                   006F18 RLA    __ctypeidx                006F23 RLA    
__DESTRUCTOR_TABLE__      006FA3 RLA    __BSS_RUN__               007483 RLA    
__ONCE_RUN__              007483 RLA    initlib                   007483 RLA    
__ONCE_LOAD__             007483 RLA    _points                   007483 RLA    
_ghostCount               007485 RLA    _loop                     007486 RLA    
_ghostLevel               007489 RLA    _skullSlowDown            00748B RLA    
_skullXCountDown          00748D RLA    _skullYCountDown          00748E RLA    
_bulletDirection          00748F RLA    _skull                    007490 RLA    
_powerUp                  007495 RLA    _gun                      00749F RLA    
_extraPoints              0074A9 RLA    _bullet                   0074B3 RLA    
_ghosts                   0074B8 RLA    _bombs                    0074E0 RLA    
_player                   0074F4 RLA    __MAIN_LAST__             0074F9 RLA    
_ghostSlowDown            0074F9 RLA    __CONSTRUCTOR_TABLE__     0074F9 RLA    
_highScore                0074FB RLA    _lives                    0074FD RLA    
_level                    0074FE RLA    _ind                      0074FF RLA    
_powerUp2                 007500 RLA    _freeze                   00750A RLA    
_invincibility            007514 RLA    _extraLife                00751E RLA    
_super                    007528 RLA    _confuse                  007532 RLA    
_zombie                   00753C RLA    _chase                    007546 RLA    
_leftHorizontalMissile    007550 RLA    _rightHorizontalMissile   007555 RLA    
_chasingBullet            00755A RLA    _chasedEnemyPtr           00755F RLA    
_rockets_x                007563 RLA    _extraLife_present_on_level 007567 RLA    
_destroyed_bases          00756A RLA    _arrowRange               00756B RLA    
_all_skulls_killed_in_completed_levels 00756C RLA    _destroyed_bases_in_completed_leveles 00756D RLA    
_horizontalWallsLength    00756E RLA    _invincibilityActive      00756F RLA    
_confuseActive            007570 RLA    _zombieActive             007571 RLA    
_innerVerticalWallY       007572 RLA    _innerVerticalWallLength  007574 RLA    
_rockets                  007575 RLA    _invincibility_count_down 007589 RLA    
_confuse_count_down       00758A RLA    _zombie_count_down        00758B RLA    
_strategyArray            00758C RLA    _freeze_count_down        007594 RLA    
_playerDirection          007595 RLA    _freezeActive             007596 RLA    
_playerFire               007598 RLA    _guns                     007599 RLA    
_skullActive              00759A RLA    _arrowYPosition           00759B RLA    
_isBossLevel              00759C RLA    _isOneMissileLevel        00759D RLA    
_isMissileLevel           00759E RLA    _isRocketLevel            00759F RLA    
_levelSlowDown            0075A1 RLA    _PLAYER_IMAGE             0075A3 RLA    
_GHOST_IMAGE              0075A5 RLA    _BOMB_IMAGE               0075A7 RLA    
_DEAD_GHOST_IMAGE         0075A9 RLA    _POWERUP_IMAGE            0075AB RLA    
_BULLET_IMAGE             0075AD RLA    _GUN_IMAGE                0075AF RLA    
_SKULL_IMAGE              0075B1 RLA    _EXTRA_POINTS_IMAGE       0075B3 RLA    
_HORIZONTAL_BRICK_IMAGE   0075B5 RLA    _VERTICAL_BRICK_IMAGE     0075B7 RLA    
_LEFT_HORIZONTAL_MISSILE_IMAGE 0075B9 RLA    _RIGHT_HORIZONTAL_MISSILE_IMAGE 0075BB RLA    
_ROCKET_IMAGE             0075BD RLA    _FREEZE_IMAGE             0075BF RLA    
_EXTRA_LIFE_IMAGE         0075C1 RLA    _INVINCIBILITY_IMAGE      0075C3 RLA    
_SUPER_IMAGE              0075C7 RLA    _CONFUSE_IMAGE            0075C9 RLA    
_ZOMBIE_IMAGE             0075CB RLA    _BROKEN_BRICK_IMAGE       0075CD RLA    
cursor                    0075CF RLA    __HIMEM__                 009600 REA    
__LCADDR__                00D400 REA    __LC_LAST__               00D400 RLA    
__LC_START__              00D400 RLA    


Imports list:
-------------
VTABZ (vtabz.o):
    gotoxy.o                  apple2/gotoxy.s:9
    cputc.o                   apple2/cputc.s:13
_BOMB_IMAGE (init_images.o):
    level.o                   games/chase/level.s:39
_BROKEN_BRICK_IMAGE (init_images.o):
    character.o               games/chase/character.s:41
_BULLET_IMAGE (init_images.o):
    level.o                   games/chase/level.s:42
_CLICK (bit_bang_sounds.o):
    bullet.o                  games/chase/bullet.s:13
    skull.o                   games/chase/skull.s:14
    item.o                    games/chase/item.s:13
    main.o                    games/chase/main.s:15
_CONFUSE_IMAGE (init_images.o):
    level.o                   games/chase/level.s:65
_DEAD_GHOST_IMAGE (init_images.o):
    item.o                    games/chase/item.s:58
    character.o               games/chase/character.s:40
    level.o                   games/chase/level.s:40
_DRAW_BROKEN_BRICK (character.o):
    bullet.o                  games/chase/bullet.s:21
_DRAW_HORIZONTAL_LINE (level.o):
    main.o                    games/chase/main.s:62
_DRAW_VERTICAL_LINE (level.o):
    main.o                    games/chase/main.s:63
_EXTRA_LIFE_IMAGE (init_images.o):
    level.o                   games/chase/level.s:63
_EXTRA_POINTS_IMAGE (init_images.o):
    level.o                   games/chase/level.s:45
_FREEZE_IMAGE (init_images.o):
    level.o                   games/chase/level.s:60
_GET_CHAR (input_macros.o):
    move_player.o             games/chase/move_player.s:13
_GHOST_IMAGE (init_images.o):
    game_text.o               games/chase/game_text.s:41
    level.o                   games/chase/level.s:38
_GUN_IMAGE (init_images.o):
    game_text.o               games/chase/game_text.s:37
    level.o                   games/chase/level.s:44
_HORIZONTAL_BRICK_IMAGE (init_images.o):
    level.o                   games/chase/level.s:77
_INIT_IMAGES (init_images.o):
    main.o                    games/chase/main.s:75
_INVINCIBILITY_IMAGE (init_images.o):
    level.o                   games/chase/level.s:16
_LEFT_HORIZONTAL_MISSILE_IMAGE (init_images.o):
    level.o                   games/chase/level.s:61
_MOVE_PLAYER (move_player.o):
    end_screen.o              games/chase/end_screen.s:21
    main.o                    games/chase/main.s:74
_NOISE (bit_bang_sounds.o):
    bullet.o                  games/chase/bullet.s:14
    character.o               games/chase/character.s:14
_PLAYER_IMAGE (init_images.o):
    game_text.o               games/chase/game_text.s:42
    level.o                   games/chase/level.s:37
_POWERUP_IMAGE (init_images.o):
    level.o                   games/chase/level.s:43
_RIGHT_HORIZONTAL_MISSILE_IMAGE (init_images.o):
    level.o                   games/chase/level.s:62
_ROCKET_IMAGE (init_images.o):
    level.o                   games/chase/level.s:59
_SKULL_IMAGE (init_images.o):
    level.o                   games/chase/level.s:41
_SUPER_IMAGE (init_images.o):
    level.o                   games/chase/level.s:64
_VERTICAL_BRICK_IMAGE (init_images.o):
    level.o                   games/chase/level.s:78
_ZOMBIE_IMAGE (init_images.o):
    level.o                   games/chase/level.s:66
__BSS_RUN__ ([linker generated]):
    zerobss.o                 common/zerobss.s:8
__BSS_SIZE__ ([linker generated]):
    zerobss.o                 common/zerobss.s:8
__CONSTRUCTOR_COUNT__ ([linker generated]):
    condes.o                  runtime/condes.s:18
__CONSTRUCTOR_TABLE__ ([linker generated]):
    condes.o                  runtime/condes.s:18
__DESTRUCTOR_COUNT__ ([linker generated]):
    condes.o                  runtime/condes.s:19
__DESTRUCTOR_TABLE__ ([linker generated]):
    condes.o                  runtime/condes.s:19
__EXEHDR__ (exehdr.o):
    [linker generated]        cross_lib/cfg//cc65/apple2-hgr.cfg:7
__FILETYPE__ ([linker generated]):
    exehdr.o                  apple2/exehdr.s:9
__HIMEM__ ([linker generated]):
    [linker generated]        cross_lib/cfg//cc65/apple2-hgr.cfg:18
    [linker generated]        cross_lib/cfg//cc65/apple2-hgr.cfg:17
__LCADDR__ ([linker generated]):
    [linker generated]        cross_lib/cfg//cc65/apple2-hgr.cfg:19
__LCSIZE__ ([linker generated]):
    [linker generated]        cross_lib/cfg//cc65/apple2-hgr.cfg:19
__LC_LAST__ ([linker generated]):
    crt0.o                    apple2/crt0.s:13
__LC_START__ ([linker generated]):
    crt0.o                    apple2/crt0.s:13
__MAIN_LAST__ ([linker generated]):
    exehdr.o                  apple2/exehdr.s:10
__MAIN_START__ ([linker generated]):
    exehdr.o                  apple2/exehdr.s:10
__ONCE_LOAD__ ([linker generated]):
    crt0.o                    apple2/crt0.s:12
__ONCE_RUN__ ([linker generated]):
    [linker generated]        cross_lib/cfg//cc65/apple2-hgr.cfg:18
    [linker generated]        cross_lib/cfg//cc65/apple2-hgr.cfg:18
__ONCE_SIZE__ ([linker generated]):
    crt0.o                    apple2/crt0.s:12
__STACKSIZE__ ([linker generated]):
    [linker generated]        cross_lib/cfg//cc65/apple2-hgr.cfg:18
__STARTUP__ (crt0.o):
    main.o                    games/chase/main.s:13
__XL_CLEAR_SCREEN (display_macros.o):
    end_screen.o              games/chase/end_screen.s:14
    main.o                    games/chase/main.s:19
__XL_INIT_GRAPHICS (apple2_hgr_init_graphics.o):
    main.o                    games/chase/main.s:20
__XL_PRINT_CENTERED_ON_ROW (text_macros.o):
    end_screen.o              games/chase/end_screen.s:13
    game_text.o               games/chase/game_text.s:13
__XL_SLEEP (sleep_macros.o):
    main.o                    games/chase/main.s:16
    character.o               games/chase/character.s:15
__XL_WAIT_FOR_INPUT (input_macros.o):
    main.o                    games/chase/main.s:14
__blink_draw (character.o):
    item.o                    games/chase/item.s:14
    main.o                    games/chase/main.s:18
__ctype (ctype.o):
    ctypemask.o               common/ctypemask.s:23
__ctypeidx (ctype.o):
    ctypemask.o               common/ctypemask.s:24
__hextab (_hextab.o):
    ltoa.o                    common/ltoa.s:10
__longminstr (_longminstr.o):
    ltoa.o                    common/ltoa.s:10
__printScore (game_text.o):
    main.o                    games/chase/main.s:59
__printf (_printf.o):
    vcprintf.o                conio/vcprintf.s:9
_all_skulls_killed_in_completed_levels (main.o):
    item.o                    games/chase/item.s:56
_arrowRange (main.o):
    horizontal_missile.o      games/chase/horizontal_missile.s:22
_arrowYPosition (main.o):
    horizontal_missile.o      games/chase/horizontal_missile.s:23
_bombs (main.o):
    character.o               games/chase/character.s:43
    level.o                   games/chase/level.s:53
    ghost.o                   games/chase/ghost.s:21
_bossLevel (level.o):
    main.o                    games/chase/main.s:70
_bullet (main.o):
    end_screen.o              games/chase/end_screen.s:27
    bullet.o                  games/chase/bullet.s:42
    level.o                   games/chase/level.s:51
    move_player.o             games/chase/move_player.s:20
_bulletDirection (main.o):
    end_screen.o              games/chase/end_screen.s:32
    bullet.o                  games/chase/bullet.s:41
_cgetc (cgetc.o):
    input_macros.o            cross_lib/input/input_macros.s:16
_chase (main.o):
    item.o                    games/chase/item.s:70
    level.o                   games/chase/level.s:55
_chaseCharacter (strategy.o):
    main.o                    games/chase/main.s:46
_chaseEffect (item.o):
    main.o                    games/chase/main.s:43
_chasedEnemyPtr (main.o):
    bullet.o                  games/chase/bullet.s:50
    item.o                    games/chase/item.s:65
_chasingBullet (main.o):
    bullet.o                  games/chase/bullet.s:44
    item.o                    games/chase/item.s:66
    level.o                   games/chase/level.s:56
_checkBombsVsGhost (character.o):
    main.o                    games/chase/main.s:26
_checkBullet (bullet.o):
    main.o                    games/chase/main.s:146
_computeGhostSlowDown (ghost.o):
    main.o                    games/chase/main.s:72
_computeStrategy (strategy.o):
    main.o                    games/chase/main.s:45
_confuse (main.o):
    item.o                    games/chase/item.s:72
    level.o                   games/chase/level.s:73
_confuseActive (main.o):
    skull.o                   games/chase/skull.s:31
    item.o                    games/chase/item.s:50
_confuseEffect (item.o):
    main.o                    games/chase/main.s:41
_confuse_count_down (main.o):
    item.o                    games/chase/item.s:53
_cprintf (cprintf.o):
    game_text.o               games/chase/game_text.s:16
    text_macros.o             cross_lib/text/text_macros.s:16
_cputc (cputc.o):
    vcprintf.o                conio/vcprintf.s:9
_dance (end_screen.o):
    main.o                    games/chase/main.s:76
_decreaseGhostLevel (ghost.o):
    bullet.o                  games/chase/bullet.s:33
    item.o                    games/chase/item.s:39
_deleteCharacter (character.o):
    end_screen.o              games/chase/end_screen.s:17
    rocket.o                  games/chase/rocket.s:17
    horizontal_missile.o      games/chase/horizontal_missile.s:15
    bullet.o                  games/chase/bullet.s:17
    strategy.o                games/chase/strategy.s:15
    move_player.o             games/chase/move_player.s:15
_destroyed_bases (main.o):
    bullet.o                  games/chase/bullet.s:49
_destroyed_bases_in_completed_leveles (main.o):
    item.o                    games/chase/item.s:55
_displayBombs (ghost.o):
    end_screen.o              games/chase/end_screen.s:23
    main.o                    games/chase/main.s:73
_displayCharacter (character.o):
    end_screen.o              games/chase/end_screen.s:16
    rocket.o                  games/chase/rocket.s:16
    horizontal_missile.o      games/chase/horizontal_missile.s:14
    bullet.o                  games/chase/bullet.s:16
    strategy.o                games/chase/strategy.s:14
    main.o                    games/chase/main.s:23
    level.o                   games/chase/level.s:17
    ghost.o                   games/chase/ghost.s:13
_displayStats (game_text.o):
    bullet.o                  games/chase/bullet.s:31
    item.o                    games/chase/item.s:41
    main.o                    games/chase/main.s:47
    character.o               games/chase/character.s:36
_displayStatsTitles (game_text.o):
    main.o                    games/chase/main.s:48
_extraLife (main.o):
    level.o                   games/chase/level.s:70
_extraLifeEffect (item.o):
    main.o                    games/chase/main.s:38
_extraLife_present_on_level (main.o):
    item.o                    games/chase/item.s:57
_extraPoints (main.o):
    item.o                    games/chase/item.s:64
    level.o                   games/chase/level.s:50
_extraPointsEffect (item.o):
    main.o                    games/chase/main.s:35
_fillLevelWithCharacters (level.o):
    end_screen.o              games/chase/end_screen.s:22
    main.o                    games/chase/main.s:65
_firstAlive (ghost.o):
    item.o                    games/chase/item.s:40
_freeze (main.o):
    item.o                    games/chase/item.s:68
    level.o                   games/chase/level.s:69
_freezeActive (main.o):
    item.o                    games/chase/item.s:47
_freezeEffect (item.o):
    main.o                    games/chase/main.s:37
_freeze_count_down (main.o):
    item.o                    games/chase/item.s:48
_gameCompleted (end_screen.o):
    main.o                    games/chase/main.s:77
_ghostCount (main.o):
    end_screen.o              games/chase/end_screen.s:15
    rocket.o                  games/chase/rocket.s:14
    skull.o                   games/chase/skull.s:17
    game_text.o               games/chase/game_text.s:35
    character.o               games/chase/character.s:20
    level.o                   games/chase/level.s:15
_ghostDies (character.o):
    bullet.o                  games/chase/bullet.s:20
_ghostLevel (main.o):
    skull.o                   games/chase/skull.s:26
    ghost.o                   games/chase/ghost.s:18
_ghostSlowDown (main.o):
    strategy.o                games/chase/strategy.s:26
_ghosts (main.o):
    end_screen.o              games/chase/end_screen.s:26
    bullet.o                  games/chase/bullet.s:35
    item.o                    games/chase/item.s:59
    strategy.o                games/chase/strategy.s:24
    character.o               games/chase/character.s:42
    level.o                   games/chase/level.s:52
    ghost.o                   games/chase/ghost.s:20
_gotoxy (gotoxy.o):
    game_text.o               games/chase/game_text.s:15
    text_macros.o             cross_lib/text/text_macros.s:15
_gun (main.o):
    item.o                    games/chase/item.s:63
    level.o                   games/chase/level.s:49
_gunEffect (item.o):
    main.o                    games/chase/main.s:34
_guns (main.o):
    end_screen.o              games/chase/end_screen.s:30
    bullet.o                  games/chase/bullet.s:39
    item.o                    games/chase/item.s:44
    game_text.o               games/chase/game_text.s:36
    move_player.o             games/chase/move_player.s:21
_handle_bullet (bullet.o):
    main.o                    games/chase/main.s:145
_handle_chasing_bullet (bullet.o):
    main.o                    games/chase/main.s:147
_handle_count_down (item.o):
    main.o                    games/chase/main.s:30
_handle_horizontal_missiles (horizontal_missile.o):
    main.o                    games/chase/main.s:149
_handle_item (item.o):
    main.o                    games/chase/main.s:36
_handle_rockets (rocket.o):
    main.o                    games/chase/main.s:150
_handle_skull (skull.o):
    main.o                    games/chase/main.s:148
_hgr_delete (apple2_hgr_init_graphics.o):
    character.o               games/chase/character.s:17
    display_macros.o          cross_lib/display/display_macros.s:13
_hgr_draw (apple2_hgr_init_graphics.o):
    main.o                    games/chase/main.s:17
    game_text.o               games/chase/game_text.s:14
    character.o               games/chase/character.s:16
    level.o                   games/chase/level.s:14
_highScore (main.o):
    game_text.o               games/chase/game_text.s:40
_horizontalWallsLength (main.o):
    character.o               games/chase/character.s:48
_horizontalWallsLevel (level.o):
    main.o                    games/chase/main.s:71
_horizontalWallsReached (character.o):
    main.o                    games/chase/main.s:29
_ind (main.o):
    end_screen.o              games/chase/end_screen.s:31
_initializeCharacter (character.o):
    level.o                   games/chase/level.s:18
_innerVerticalWallLength (main.o):
    character.o               games/chase/character.s:47
    level.o                   games/chase/level.s:58
_innerVerticalWallY (main.o):
    character.o               games/chase/character.s:46
    level.o                   games/chase/level.s:57
_innerWallReached (character.o):
    item.o                    games/chase/item.s:18
    main.o                    games/chase/main.s:28
    level.o                   games/chase/level.s:20
_invincibility (main.o):
    item.o                    games/chase/item.s:69
    level.o                   games/chase/level.s:71
_invincibilityActive (main.o):
    item.o                    games/chase/item.s:49
    character.o               games/chase/character.s:45
_invincibilityEffect (item.o):
    main.o                    games/chase/main.s:39
_invincibility_count_down (main.o):
    item.o                    games/chase/item.s:52
_isBossLevel (main.o):
    rocket.o                  games/chase/rocket.s:21
    horizontal_missile.o      games/chase/horizontal_missile.s:24
    bullet.o                  games/chase/bullet.s:51
    skull.o                   games/chase/skull.s:30
    level.o                   games/chase/level.s:33
_isCharacterAtLocation (character.o):
    bullet.o                  games/chase/bullet.s:18
    item.o                    games/chase/item.s:16
_isMissileLevel (main.o):
    horizontal_missile.o      games/chase/horizontal_missile.s:25
    bullet.o                  games/chase/bullet.s:52
    level.o                   games/chase/level.s:35
_isOneMissileLevel (main.o):
    horizontal_missile.o      games/chase/horizontal_missile.s:26
    bullet.o                  games/chase/bullet.s:53
    level.o                   games/chase/level.s:34
_isRocketLevel (main.o):
    rocket.o                  games/chase/rocket.s:20
    bullet.o                  games/chase/bullet.s:54
    level.o                   games/chase/level.s:36
_kbhit (kbhit.o):
    input_macros.o            cross_lib/input/input_macros.s:15
_leftHorizontalMissile (main.o):
    horizontal_missile.o      games/chase/horizontal_missile.s:19
    bullet.o                  games/chase/bullet.s:45
    level.o                   games/chase/level.s:67
_level (main.o):
    end_screen.o              games/chase/end_screen.s:29
    skull.o                   games/chase/skull.s:21
    item.o                    games/chase/item.s:46
    strategy.o                games/chase/strategy.s:22
    game_text.o               games/chase/game_text.s:38
    character.o               games/chase/character.s:39
    level.o                   games/chase/level.s:32
_levelSlowDown (main.o):
    skull.o                   games/chase/skull.s:32
    ghost.o                   games/chase/ghost.s:22
_lives (main.o):
    item.o                    games/chase/item.s:45
    game_text.o               games/chase/game_text.s:39
_loop (main.o):
    horizontal_missile.o      games/chase/horizontal_missile.s:18
    skull.o                   games/chase/skull.s:22
    strategy.o                games/chase/strategy.s:23
    ghost.o                   games/chase/ghost.s:19
_ltoa (ltoa.o):
    _printf.o                 common/_printf.s:12
_main (main.o):
    callmain.o                runtime/callmain.s:11
_missileLevel (level.o):
    main.o                    games/chase/main.s:69
_moveCharacter (strategy.o):
    horizontal_missile.o      games/chase/horizontal_missile.s:17
_moveTowardCharacter (strategy.o):
    bullet.o                  games/chase/bullet.s:34
    skull.o                   games/chase/skull.s:20
    main.o                    games/chase/main.s:44
_oneMissileLevel (level.o):
    main.o                    games/chase/main.s:67
_player (main.o):
    end_screen.o              games/chase/end_screen.s:24
    horizontal_missile.o      games/chase/horizontal_missile.s:21
    bullet.o                  games/chase/bullet.s:43
    skull.o                   games/chase/skull.s:28
    item.o                    games/chase/item.s:61
    character.o               games/chase/character.s:44
    level.o                   games/chase/level.s:46
    move_player.o             games/chase/move_player.s:16
_playerDies (character.o):
    rocket.o                  games/chase/rocket.s:18
    horizontal_missile.o      games/chase/horizontal_missile.s:16
    skull.o                   games/chase/skull.s:19
    main.o                    games/chase/main.s:25
_playerDirection (main.o):
    bullet.o                  games/chase/bullet.s:40
    move_player.o             games/chase/move_player.s:22
_playerFire (main.o):
    end_screen.o              games/chase/end_screen.s:28
    bullet.o                  games/chase/bullet.s:38
    move_player.o             games/chase/move_player.s:19
_playerKilledBy (character.o):
    rocket.o                  games/chase/rocket.s:15
    horizontal_missile.o      games/chase/horizontal_missile.s:13
    skull.o                   games/chase/skull.s:18
_points (main.o):
    bullet.o                  games/chase/bullet.s:15
    item.o                    games/chase/item.s:15
    game_text.o               games/chase/game_text.s:34
    character.o               games/chase/character.s:19
_powerUp (main.o):
    item.o                    games/chase/item.s:62
    level.o                   games/chase/level.s:48
_powerUp2 (main.o):
    item.o                    games/chase/item.s:67
    level.o                   games/chase/level.s:54
_powerUp2Effect (item.o):
    main.o                    games/chase/main.s:33
_powerUpEffect (item.o):
    main.o                    games/chase/main.s:32
_printDefeatMessage (game_text.o):
    character.o               games/chase/character.s:38
_printExtraLife (game_text.o):
    main.o                    games/chase/main.s:55
_printGameOver (game_text.o):
    main.o                    games/chase/main.s:56
_printGhostCountStats (game_text.o):
    main.o                    games/chase/main.s:51
    character.o               games/chase/character.s:37
_printGunsStats (game_text.o):
    bullet.o                  games/chase/bullet.s:32
    item.o                    games/chase/item.s:42
    main.o                    games/chase/main.s:49
_printHints (game_text.o):
    main.o                    games/chase/main.s:61
_printKillTheSkull (game_text.o):
    main.o                    games/chase/main.s:60
_printLevel (game_text.o):
    main.o                    games/chase/main.s:53
_printLevelStats (game_text.o):
    main.o                    games/chase/main.s:50
_printLivesStats (game_text.o):
    item.o                    games/chase/item.s:43
    main.o                    games/chase/main.s:52
_printPressKeyToStart (game_text.o):
    main.o                    games/chase/main.s:58
_printStartMessage (game_text.o):
    main.o                    games/chase/main.s:57
_printVictoryMessage (game_text.o):
    main.o                    games/chase/main.s:54
_rand (rand.o):
    rocket.o                  games/chase/rocket.s:13
    skull.o                   games/chase/skull.s:13
    strategy.o                games/chase/strategy.s:13
    character.o               games/chase/character.s:13
    level.o                   games/chase/level.s:13
    bit_bang_sounds.o         cross_lib/sound/generic/bit_bang_sounds.s:13
_reducePowerUpsCoolDowns (item.o):
    bullet.o                  games/chase/bullet.s:29
    main.o                    games/chase/main.s:31
_relocateCharacter (character.o):
    item.o                    games/chase/item.s:17
    level.o                   games/chase/level.s:19
_rightHorizontalMissile (main.o):
    horizontal_missile.o      games/chase/horizontal_missile.s:20
    bullet.o                  games/chase/bullet.s:46
    level.o                   games/chase/level.s:68
_rocketLevel (level.o):
    main.o                    games/chase/main.s:68
_rockets (main.o):
    rocket.o                  games/chase/rocket.s:19
    bullet.o                  games/chase/bullet.s:48
    level.o                   games/chase/level.s:75
_rockets_x (main.o):
    bullet.o                  games/chase/bullet.s:47
    level.o                   games/chase/level.s:76
_sameLocationAsAnyLocation (character.o):
    main.o                    games/chase/main.s:27
_skull (main.o):
    end_screen.o              games/chase/end_screen.s:25
    bullet.o                  games/chase/bullet.s:36
    skull.o                   games/chase/skull.s:27
    item.o                    games/chase/item.s:60
    level.o                   games/chase/level.s:47
_skullActive (main.o):
    bullet.o                  games/chase/bullet.s:37
    skull.o                   games/chase/skull.s:29
_skullSlowDown (main.o):
    skull.o                   games/chase/skull.s:23
_skullXCountDown (main.o):
    skull.o                   games/chase/skull.s:24
    move_player.o             games/chase/move_player.s:17
_skullYCountDown (main.o):
    skull.o                   games/chase/skull.s:25
    move_player.o             games/chase/move_player.s:18
_spiral (level.o):
    main.o                    games/chase/main.s:64
_strategyArray (main.o):
    strategy.o                games/chase/strategy.s:25
_strlen (strlen.o):
    _printf.o                 common/_printf.s:13
    text_macros.o             cross_lib/text/text_macros.s:13
_strlower (strlower.o):
    _printf.o                 common/_printf.s:13
_super (main.o):
    item.o                    games/chase/item.s:71
    level.o                   games/chase/level.s:72
_superEffect (item.o):
    main.o                    games/chase/main.s:40
_ultoa (ltoa.o):
    _printf.o                 common/_printf.s:12
_updateInnerWallVerticalData (level.o):
    main.o                    games/chase/main.s:66
_vcprintf (vcprintf.o):
    cprintf.o                 conio/cprintf.s:8
_wallReached (character.o):
    end_screen.o              games/chase/end_screen.s:18
    bullet.o                  games/chase/bullet.s:19
    main.o                    games/chase/main.s:24
_zombie (main.o):
    item.o                    games/chase/item.s:73
    level.o                   games/chase/level.s:74
_zombieActive (main.o):
    item.o                    games/chase/item.s:51
    strategy.o                games/chase/strategy.s:27
_zombieEffect (item.o):
    main.o                    games/chase/main.s:42
_zombie_count_down (main.o):
    item.o                    games/chase/item.s:54
addeq0sp (addeqsp.o):
    main.o                    games/chase/main.s:1067
    level.o                   games/chase/level.s:989
    sleep_macros.o            cross_lib/sleep/sleep_macros.s:46
addeqysp (addeqsp.o):
    bit_bang_sounds.o         cross_lib/sound/generic/bit_bang_sounds.s:115
    bit_bang_sounds.o         cross_lib/sound/generic/bit_bang_sounds.s:115
addysp (addysp.o):
    incsp7.o                  runtime/incsp7.s:8
    incsp6.o                  runtime/incsp6.s:8
    incsp5.o                  runtime/incsp5.s:8
    incsp4.o                  runtime/incsp4.s:8
    incsp3.o                  runtime/incsp3.s:8
    cprintf.o                 conio/cprintf.s:8
addysp1 (addysp.o):
    sub.o                     runtime/sub.s:8
aslax1 (aslax1.o):
    apple2_hgr_init_graphics.o cross_lib/display/init_graphics/cc65/apple2/apple2_hgr_init_graphics.s:1303
    apple2_hgr_init_graphics.o cross_lib/display/init_graphics/cc65/apple2/apple2_hgr_init_graphics.s:1303
    level.o                   games/chase/level.s:989
aslax2 (aslax2.o):
    skull.o                   games/chase/skull.s:142
axlong (axlong.o):
    _printf.o                 common/_printf.s:11
axulong (axlong.o):
    _printf.o                 common/_printf.s:11
bnega (bneg.o):
    character.o               games/chase/character.s:854
bnegax (bneg.o):
    level.o                   games/chase/level.s:989
booleq (makebool.o):
    level.o                   games/chase/level.s:989
callax (call.o):
    item.o                    games/chase/item.s:660
callmain (callmain.o):
    crt0.o                    apple2/crt0.s:11
ctypemaskdirect (ctypemask.o):
    strlower.o                common/strlower.s:14
cursor (_cursor.o):
    cgetc.o                   apple2/cgetc.s:10
decax1 (decax1.o):
    item.o                    games/chase/item.s:660
    character.o               games/chase/character.s:854
decax2 (decax2.o):
    level.o                   games/chase/level.s:989
decsp1 (decsp1.o):
    apple2_hgr_init_graphics.o cross_lib/display/init_graphics/cc65/apple2/apple2_hgr_init_graphics.s:1303
    apple2_hgr_init_graphics.o cross_lib/display/init_graphics/cc65/apple2/apple2_hgr_init_graphics.s:1303
    rocket.o                  games/chase/rocket.s:173
    bullet.o                  games/chase/bullet.s:603
    item.o                    games/chase/item.s:660
    strategy.o                games/chase/strategy.s:347
    strategy.o                games/chase/strategy.s:347
    character.o               games/chase/character.s:854
    character.o               games/chase/character.s:854
    level.o                   games/chase/level.s:989
    level.o                   games/chase/level.s:989
    ghost.o                   games/chase/ghost.s:165
    ghost.o                   games/chase/ghost.s:165
    bit_bang_sounds.o         cross_lib/sound/generic/bit_bang_sounds.s:115
    bit_bang_sounds.o         cross_lib/sound/generic/bit_bang_sounds.s:115
decsp2 (decsp2.o):
    item.o                    games/chase/item.s:660
    main.o                    games/chase/main.s:1067
    character.o               games/chase/character.s:854
    level.o                   games/chase/level.s:989
    level.o                   games/chase/level.s:989
    display_macros.o          cross_lib/display/display_macros.s:56
    sleep_macros.o            cross_lib/sleep/sleep_macros.s:46
decsp3 (decsp3.o):
    bit_bang_sounds.o         cross_lib/sound/generic/bit_bang_sounds.s:115
    bit_bang_sounds.o         cross_lib/sound/generic/bit_bang_sounds.s:115
decsp4 (decsp4.o):
    lpush.o                   runtime/lpush.s:12
decsp6 (decsp6.o):
    _printf.o                 common/_printf.s:11
donelib (condes.o):
    crt0.o                    apple2/crt0.s:10
gotoxy (gotoxy.o):
    cputc.o                   apple2/cputc.s:13
incax1 (incax1.o):
    apple2_hgr_init_graphics.o cross_lib/display/init_graphics/cc65/apple2/apple2_hgr_init_graphics.s:1303
    apple2_hgr_init_graphics.o cross_lib/display/init_graphics/cc65/apple2/apple2_hgr_init_graphics.s:1303
    strategy.o                games/chase/strategy.s:347
    strategy.o                games/chase/strategy.s:347
    main.o                    games/chase/main.s:1067
    level.o                   games/chase/level.s:989
incaxy (incaxy.o):
    item.o                    games/chase/item.s:660
    item.o                    games/chase/item.s:660
    level.o                   games/chase/level.s:989
    level.o                   games/chase/level.s:989
incsp1 (incsp1.o):
    rocket.o                  games/chase/rocket.s:173
    bullet.o                  games/chase/bullet.s:603
    item.o                    games/chase/item.s:660
    character.o               games/chase/character.s:854
    level.o                   games/chase/level.s:989
    ghost.o                   games/chase/ghost.s:165
    ghost.o                   games/chase/ghost.s:165
    move_player.o             games/chase/move_player.s:97
    bit_bang_sounds.o         cross_lib/sound/generic/bit_bang_sounds.s:115
    bit_bang_sounds.o         cross_lib/sound/generic/bit_bang_sounds.s:115
incsp2 (incsp2.o):
    popptr1.o                 runtime/popptr1.s:8
    end_screen.o              games/chase/end_screen.s:176
    bullet.o                  games/chase/bullet.s:603
    bullet.o                  games/chase/bullet.s:603
    bullet.o                  games/chase/bullet.s:603
    bullet.o                  games/chase/bullet.s:603
    bullet.o                  games/chase/bullet.s:603
    item.o                    games/chase/item.s:660
    item.o                    games/chase/item.s:660
    item.o                    games/chase/item.s:660
    item.o                    games/chase/item.s:660
    strategy.o                games/chase/strategy.s:347
    main.o                    games/chase/main.s:1067
    game_text.o               games/chase/game_text.s:542
    character.o               games/chase/character.s:854
    character.o               games/chase/character.s:854
    character.o               games/chase/character.s:854
    character.o               games/chase/character.s:854
    character.o               games/chase/character.s:854
    character.o               games/chase/character.s:854
    character.o               games/chase/character.s:854
    character.o               games/chase/character.s:854
    character.o               games/chase/character.s:854
    level.o                   games/chase/level.s:989
    display_macros.o          cross_lib/display/display_macros.s:56
incsp3 (incsp3.o):
    apple2_hgr_init_graphics.o cross_lib/display/init_graphics/cc65/apple2/apple2_hgr_init_graphics.s:1303
    bullet.o                  games/chase/bullet.s:603
    strategy.o                games/chase/strategy.s:347
    game_text.o               games/chase/game_text.s:542
    level.o                   games/chase/level.s:989
    text_macros.o             cross_lib/text/text_macros.s:46
    sleep_macros.o            cross_lib/sleep/sleep_macros.s:46
incsp4 (incsp4.o):
    bullet.o                  games/chase/bullet.s:603
    item.o                    games/chase/item.s:660
    strategy.o                games/chase/strategy.s:347
    strategy.o                games/chase/strategy.s:347
    strategy.o                games/chase/strategy.s:347
    character.o               games/chase/character.s:854
    character.o               games/chase/character.s:854
    level.o                   games/chase/level.s:989
    level.o                   games/chase/level.s:989
    level.o                   games/chase/level.s:989
incsp5 (incsp5.o):
    strategy.o                games/chase/strategy.s:347
incsp6 (incsp6.o):
    apple2_hgr_init_graphics.o cross_lib/display/init_graphics/cc65/apple2/apple2_hgr_init_graphics.s:1303
    character.o               games/chase/character.s:854
    character.o               games/chase/character.s:854
    bit_bang_sounds.o         cross_lib/sound/generic/bit_bang_sounds.s:115
    bit_bang_sounds.o         cross_lib/sound/generic/bit_bang_sounds.s:115
incsp7 (incsp7.o):
    character.o               games/chase/character.s:854
    level.o                   games/chase/level.s:989
initlib (condes.o):
    crt0.o                    apple2/crt0.s:10
ldax0sp (ldaxsp.o):
    end_screen.o              games/chase/end_screen.s:176
    bullet.o                  games/chase/bullet.s:603
    bullet.o                  games/chase/bullet.s:603
    bullet.o                  games/chase/bullet.s:603
    bullet.o                  games/chase/bullet.s:603
    bullet.o                  games/chase/bullet.s:603
    bullet.o                  games/chase/bullet.s:603
    item.o                    games/chase/item.s:660
    item.o                    games/chase/item.s:660
    item.o                    games/chase/item.s:660
    item.o                    games/chase/item.s:660
    item.o                    games/chase/item.s:660
    strategy.o                games/chase/strategy.s:347
    character.o               games/chase/character.s:854
    character.o               games/chase/character.s:854
    character.o               games/chase/character.s:854
    character.o               games/chase/character.s:854
    character.o               games/chase/character.s:854
    character.o               games/chase/character.s:854
    character.o               games/chase/character.s:854
    character.o               games/chase/character.s:854
    character.o               games/chase/character.s:854
    character.o               games/chase/character.s:854
ldaxi (ldaxi.o):
    apple2_hgr_init_graphics.o cross_lib/display/init_graphics/cc65/apple2/apple2_hgr_init_graphics.s:1303
    apple2_hgr_init_graphics.o cross_lib/display/init_graphics/cc65/apple2/apple2_hgr_init_graphics.s:1303
ldaxidx (ldaxi.o):
    item.o                    games/chase/item.s:660
    character.o               games/chase/character.s:854
ldaxysp (ldaxsp.o):
    bullet.o                  games/chase/bullet.s:603
    bullet.o                  games/chase/bullet.s:603
    bullet.o                  games/chase/bullet.s:603
    item.o                    games/chase/item.s:660
    item.o                    games/chase/item.s:660
    strategy.o                games/chase/strategy.s:347
    strategy.o                games/chase/strategy.s:347
    strategy.o                games/chase/strategy.s:347
    strategy.o                games/chase/strategy.s:347
    game_text.o               games/chase/game_text.s:542
    character.o               games/chase/character.s:854
    character.o               games/chase/character.s:854
    character.o               games/chase/character.s:854
    character.o               games/chase/character.s:854
    character.o               games/chase/character.s:854
    character.o               games/chase/character.s:854
    character.o               games/chase/character.s:854
    level.o                   games/chase/level.s:989
    level.o                   games/chase/level.s:989
    text_macros.o             cross_lib/text/text_macros.s:46
    bit_bang_sounds.o         cross_lib/sound/generic/bit_bang_sounds.s:115
    bit_bang_sounds.o         cross_lib/sound/generic/bit_bang_sounds.s:115
mul8x16 (mul8.o):
    mul.o                     runtime/mul.s:8
mul8x16a (mul8.o):
    mul.o                     runtime/mul.s:8
mulax5 (mulax5.o):
    end_screen.o              games/chase/end_screen.s:176
    rocket.o                  games/chase/rocket.s:173
    bullet.o                  games/chase/bullet.s:603
    bullet.o                  games/chase/bullet.s:603
    item.o                    games/chase/item.s:660
    item.o                    games/chase/item.s:660
    item.o                    games/chase/item.s:660
    strategy.o                games/chase/strategy.s:347
    main.o                    games/chase/main.s:1067
    character.o               games/chase/character.s:854
    character.o               games/chase/character.s:854
    level.o                   games/chase/level.s:989
    ghost.o                   games/chase/ghost.s:165
    ghost.o                   games/chase/ghost.s:165
mulax6 (mulax6.o):
    level.o                   games/chase/level.s:989
negax (negabs.o):
    shelp.o                   runtime/shelp.s:11
    mod.o                     runtime/mod.s:11
    div.o                     runtime/div.s:11
negeax (lneg.o):
    ltoa.o                    common/ltoa.s:9
popa (popa.o):
    gotoxy.o                  apple2/gotoxy.s:9
popax (incsp2.o):
    ltoa.o                    common/ltoa.s:9
    _printf.o                 common/_printf.s:11
    vcprintf.o                conio/vcprintf.s:8
    shelp.o                   runtime/shelp.s:11
popptr1 (popptr1.o):
    ltoa.o                    common/ltoa.s:9
    vcprintf.o                conio/vcprintf.s:8
    umod.o                    runtime/umod.s:8
    udiv.o                    runtime/udiv.s:9
    mul8.o                    runtime/mul8.s:9
    mul.o                     runtime/mul.s:9
popsargsudiv16 (shelp.o):
    mod.o                     runtime/mod.s:11
    div.o                     runtime/div.s:11
ptr1 (zeropage.o):
    strlower.o                common/strlower.s:13
    ltoa.o                    common/ltoa.s:11
    _printf.o                 /home/travis/build/cc65/cc65/asminc/zeropage.inc:12
    zerobss.o                 common/zerobss.s:9
    vcprintf.o                conio/vcprintf.s:10
    udiv.o                    runtime/udiv.s:10
    shelp.o                   runtime/shelp.s:12
    pushw.o                   runtime/pushw.s:9
    popptr1.o                 runtime/popptr1.s:9
    mulax6.o                  runtime/mulax6.s:9
    mulax5.o                  runtime/mulax5.s:9
    mul8.o                    runtime/mul8.s:10
    mul.o                     runtime/mul.s:10
    ldaxi.o                   runtime/ldaxi.s:8
    div.o                     runtime/div.s:12
    cprintf.o                 conio/cprintf.s:9
    call.o                    runtime/call.s:8
    apple2_hgr_init_graphics.o cross_lib/display/init_graphics/cc65/apple2/apple2_hgr_init_graphics.s:11
    end_screen.o              games/chase/end_screen.s:11
    rocket.o                  games/chase/rocket.s:11
    bullet.o                  games/chase/bullet.s:11
    item.o                    games/chase/item.s:11
    strategy.o                games/chase/strategy.s:11
    main.o                    games/chase/main.s:11
    character.o               games/chase/character.s:11
    level.o                   games/chase/level.s:11
    ghost.o                   games/chase/ghost.s:11
ptr2 (zeropage.o):
    strlower.o                common/strlower.s:13
    ltoa.o                    common/ltoa.s:11
    _printf.o                 /home/travis/build/cc65/cc65/asminc/zeropage.inc:12
    vcprintf.o                conio/vcprintf.s:10
    strlen.o                  common/strlen.s:12
ptr3 (zeropage.o):
    ltoa.o                    common/ltoa.s:11
    vcprintf.o                conio/vcprintf.s:10
ptr4 (zeropage.o):
    umod.o                    runtime/umod.s:9
    udiv.o                    runtime/udiv.s:10
    shelp.o                   runtime/shelp.s:12
    mul8.o                    runtime/mul8.s:10
    mul.o                     runtime/mul.s:10
push1 (push1.o):
    _printf.o                 common/_printf.s:11
pusha (pusha.o):
    apple2_hgr_init_graphics.o cross_lib/display/init_graphics/cc65/apple2/apple2_hgr_init_graphics.s:1303
    apple2_hgr_init_graphics.o cross_lib/display/init_graphics/cc65/apple2/apple2_hgr_init_graphics.s:1303
    end_screen.o              games/chase/end_screen.s:176
    bullet.o                  games/chase/bullet.s:603
    bullet.o                  games/chase/bullet.s:603
    bullet.o                  games/chase/bullet.s:603
    bullet.o                  games/chase/bullet.s:603
    item.o                    games/chase/item.s:660
    strategy.o                games/chase/strategy.s:347
    strategy.o                games/chase/strategy.s:347
    main.o                    games/chase/main.s:1067
    game_text.o               games/chase/game_text.s:542
    game_text.o               games/chase/game_text.s:542
    game_text.o               games/chase/game_text.s:542
    game_text.o               games/chase/game_text.s:542
    game_text.o               games/chase/game_text.s:542
    game_text.o               games/chase/game_text.s:542
    game_text.o               games/chase/game_text.s:542
    game_text.o               games/chase/game_text.s:542
    game_text.o               games/chase/game_text.s:542
    game_text.o               games/chase/game_text.s:542
    game_text.o               games/chase/game_text.s:542
    game_text.o               games/chase/game_text.s:542
    game_text.o               games/chase/game_text.s:542
    game_text.o               games/chase/game_text.s:542
    game_text.o               games/chase/game_text.s:542
    game_text.o               games/chase/game_text.s:542
    game_text.o               games/chase/game_text.s:542
    game_text.o               games/chase/game_text.s:542
    character.o               games/chase/character.s:854
    character.o               games/chase/character.s:854
    character.o               games/chase/character.s:854
    character.o               games/chase/character.s:854
    character.o               games/chase/character.s:854
    character.o               games/chase/character.s:854
    character.o               games/chase/character.s:854
    character.o               games/chase/character.s:854
    character.o               games/chase/character.s:854
    level.o                   games/chase/level.s:989
    level.o                   games/chase/level.s:989
    level.o                   games/chase/level.s:989
    level.o                   games/chase/level.s:989
    level.o                   games/chase/level.s:989
    move_player.o             games/chase/move_player.s:97
    text_macros.o             cross_lib/text/text_macros.s:46
    display_macros.o          cross_lib/display/display_macros.s:56
    sleep_macros.o            cross_lib/sleep/sleep_macros.s:46
    bit_bang_sounds.o         cross_lib/sound/generic/bit_bang_sounds.s:115
    bit_bang_sounds.o         cross_lib/sound/generic/bit_bang_sounds.s:115
pusha0 (pushax.o):
    push1.o                   runtime/push1.s:8
    apple2_hgr_init_graphics.o cross_lib/display/init_graphics/cc65/apple2/apple2_hgr_init_graphics.s:1303
    horizontal_missile.o      games/chase/horizontal_missile.s:210
    bullet.o                  games/chase/bullet.s:603
    bullet.o                  games/chase/bullet.s:603
    bullet.o                  games/chase/bullet.s:603
    bullet.o                  games/chase/bullet.s:603
    skull.o                   games/chase/skull.s:142
    item.o                    games/chase/item.s:660
    item.o                    games/chase/item.s:660
    main.o                    games/chase/main.s:1067
    game_text.o               games/chase/game_text.s:542
    game_text.o               games/chase/game_text.s:542
    game_text.o               games/chase/game_text.s:542
    game_text.o               games/chase/game_text.s:542
    game_text.o               games/chase/game_text.s:542
    character.o               games/chase/character.s:854
    character.o               games/chase/character.s:854
    character.o               games/chase/character.s:854
    character.o               games/chase/character.s:854
    character.o               games/chase/character.s:854
    level.o                   games/chase/level.s:989
    level.o                   games/chase/level.s:989
    level.o                   games/chase/level.s:989
    level.o                   games/chase/level.s:989
    level.o                   games/chase/level.s:989
    level.o                   games/chase/level.s:989
    text_macros.o             cross_lib/text/text_macros.s:46
    sleep_macros.o            cross_lib/sleep/sleep_macros.s:46
pushax (pushax.o):
    callmain.o                runtime/callmain.s:11
    _printf.o                 common/_printf.s:11
    vcprintf.o                conio/vcprintf.s:8
    pushw.o                   runtime/pushw.s:8
    cprintf.o                 conio/cprintf.s:8
    end_screen.o              games/chase/end_screen.s:176
    horizontal_missile.o      games/chase/horizontal_missile.s:210
    horizontal_missile.o      games/chase/horizontal_missile.s:210
    bullet.o                  games/chase/bullet.s:603
    bullet.o                  games/chase/bullet.s:603
    bullet.o                  games/chase/bullet.s:603
    bullet.o                  games/chase/bullet.s:603
    bullet.o                  games/chase/bullet.s:603
    bullet.o                  games/chase/bullet.s:603
    bullet.o                  games/chase/bullet.s:603
    bullet.o                  games/chase/bullet.s:603
    skull.o                   games/chase/skull.s:142
    skull.o                   games/chase/skull.s:142
    item.o                    games/chase/item.s:660
    item.o                    games/chase/item.s:660
    item.o                    games/chase/item.s:660
    item.o                    games/chase/item.s:660
    strategy.o                games/chase/strategy.s:347
    strategy.o                games/chase/strategy.s:347
    strategy.o                games/chase/strategy.s:347
    strategy.o                games/chase/strategy.s:347
    main.o                    games/chase/main.s:1067
    game_text.o               games/chase/game_text.s:542
    game_text.o               games/chase/game_text.s:542
    game_text.o               games/chase/game_text.s:542
    game_text.o               games/chase/game_text.s:542
    game_text.o               games/chase/game_text.s:542
    game_text.o               games/chase/game_text.s:542
    game_text.o               games/chase/game_text.s:542
    game_text.o               games/chase/game_text.s:542
    character.o               games/chase/character.s:854
    character.o               games/chase/character.s:854
    character.o               games/chase/character.s:854
    character.o               games/chase/character.s:854
    character.o               games/chase/character.s:854
    character.o               games/chase/character.s:854
    character.o               games/chase/character.s:854
    character.o               games/chase/character.s:854
    character.o               games/chase/character.s:854
    character.o               games/chase/character.s:854
    character.o               games/chase/character.s:854
    character.o               games/chase/character.s:854
    level.o                   games/chase/level.s:989
    level.o                   games/chase/level.s:989
    level.o                   games/chase/level.s:989
    ghost.o                   games/chase/ghost.s:165
    text_macros.o             cross_lib/text/text_macros.s:46
pusheax (lpush.o):
    _printf.o                 common/_printf.s:11
pushw0sp (pushwsp.o):
    text_macros.o             cross_lib/text/text_macros.s:46
    sleep_macros.o            cross_lib/sleep/sleep_macros.s:46
pushwidx (pushw.o):
    item.o                    games/chase/item.s:660
pushwysp (pushwsp.o):
    bullet.o                  games/chase/bullet.s:603
    strategy.o                games/chase/strategy.s:347
    strategy.o                games/chase/strategy.s:347
    strategy.o                games/chase/strategy.s:347
    strategy.o                games/chase/strategy.s:347
    game_text.o               games/chase/game_text.s:542
    character.o               games/chase/character.s:854
    level.o                   games/chase/level.s:989
putchardirect (cputc.o):
    cgetc.o                   apple2/cgetc.s:10
regbank (zeropage.o):
    _printf.o                 /home/travis/build/cc65/cc65/asminc/zeropage.inc:14
shlax2 (aslax2.o):
    apple2_hgr_init_graphics.o cross_lib/display/init_graphics/cc65/apple2/apple2_hgr_init_graphics.s:1303
shlax3 (aslax3.o):
    apple2_hgr_init_graphics.o cross_lib/display/init_graphics/cc65/apple2/apple2_hgr_init_graphics.s:1303
    apple2_hgr_init_graphics.o cross_lib/display/init_graphics/cc65/apple2/apple2_hgr_init_graphics.s:1303
    level.o                   games/chase/level.s:989
shlax4 (aslax4.o):
    skull.o                   games/chase/skull.s:142
    ghost.o                   games/chase/ghost.s:165
shrax1 (shrax1.o):
    item.o                    games/chase/item.s:660
sp (zeropage.o):
    decsp4.o                  runtime/decsp4.s:8
    lpush.o                   runtime/lpush.s:13
    decsp6.o                  runtime/decsp6.s:8
    addysp.o                  runtime/addysp.s:8
    _printf.o                 /home/travis/build/cc65/cc65/asminc/zeropage.inc:11
    vcprintf.o                conio/vcprintf.s:10
    sub.o                     runtime/sub.s:9
    staxsp.o                  runtime/staxsp.s:8
    pushwsp.o                 runtime/pushwsp.s:8
    pushax.o                  runtime/pushax.s:8
    pusha.o                   runtime/pusha.s:8
    popptr1.o                 runtime/popptr1.s:9
    popa.o                    runtime/popa.s:8
    ldaxsp.o                  runtime/ldaxsp.s:8
    incsp2.o                  runtime/incsp2.s:8
    incsp1.o                  runtime/incsp1.s:8
    icmp.o                    runtime/icmp.s:9
    decsp3.o                  runtime/decsp3.s:8
    decsp2.o                  runtime/decsp2.s:8
    decsp1.o                  runtime/decsp1.s:8
    crt0.o                    /home/travis/build/cc65/cc65/asminc/zeropage.inc:11
    cprintf.o                 conio/cprintf.s:9
    addeqsp.o                 runtime/addeqsp.s:8
    add.o                     runtime/add.s:12
    apple2_hgr_init_graphics.o cross_lib/display/init_graphics/cc65/apple2/apple2_hgr_init_graphics.s:10
    rocket.o                  games/chase/rocket.s:10
    bullet.o                  games/chase/bullet.s:10
    item.o                    games/chase/item.s:10
    strategy.o                games/chase/strategy.s:10
    main.o                    games/chase/main.s:10
    game_text.o               games/chase/game_text.s:10
    character.o               games/chase/character.s:10
    level.o                   games/chase/level.s:10
    ghost.o                   games/chase/ghost.s:10
    move_player.o             games/chase/move_player.s:10
    text_macros.o             cross_lib/text/text_macros.s:10
    display_macros.o          cross_lib/display/display_macros.s:10
    sleep_macros.o            cross_lib/sleep/sleep_macros.s:10
    bit_bang_sounds.o         cross_lib/sound/generic/bit_bang_sounds.s:10
sreg (zeropage.o):
    lneg.o                    runtime/lneg.s:11
    ltoa.o                    common/ltoa.s:11
    lpush.o                   runtime/lpush.s:13
    axlong.o                  runtime/axlong.s:9
    _printf.o                 /home/travis/build/cc65/cc65/asminc/zeropage.inc:11
    umod.o                    runtime/umod.s:9
    udiv.o                    runtime/udiv.s:10
    mod.o                     runtime/mod.s:12
    icmp.o                    runtime/icmp.s:9
    apple2_hgr_init_graphics.o cross_lib/display/init_graphics/cc65/apple2/apple2_hgr_init_graphics.s:10
    item.o                    games/chase/item.s:10
    strategy.o                games/chase/strategy.s:10
stax0sp (staxsp.o):
    item.o                    games/chase/item.s:660
    main.o                    games/chase/main.s:1067
    level.o                   games/chase/level.s:989
    sleep_macros.o            cross_lib/sleep/sleep_macros.s:46
staxysp (staxsp.o):
    bit_bang_sounds.o         cross_lib/sound/generic/bit_bang_sounds.s:115
    bit_bang_sounds.o         cross_lib/sound/generic/bit_bang_sounds.s:115
tmp1 (zeropage.o):
    ltoa.o                    common/ltoa.s:11
    _printf.o                 /home/travis/build/cc65/cc65/asminc/zeropage.inc:13
    vcprintf.o                conio/vcprintf.s:10
    shrax1.o                  runtime/shrax1.s:8
    shelp.o                   runtime/shelp.s:12
    mul.o                     runtime/mul.s:10
    mod.o                     runtime/mod.s:12
    incaxy.o                  runtime/incaxy.s:8
    div.o                     runtime/div.s:12
    aslax4.o                  runtime/aslax4.s:8
    aslax3.o                  runtime/aslax3.s:8
    aslax2.o                  runtime/aslax2.s:8
    aslax1.o                  runtime/aslax1.s:8
    add.o                     runtime/add.s:12
    skull.o                   games/chase/skull.s:11
    strategy.o                games/chase/strategy.s:11
    main.o                    games/chase/main.s:11
tmp2 (zeropage.o):
    shelp.o                   runtime/shelp.s:12
    div.o                     runtime/div.s:12
tosadda0 (add.o):
    main.o                    games/chase/main.s:1067
    character.o               games/chase/character.s:854
    level.o                   games/chase/level.s:989
tosaddax (add.o):
    character.o               games/chase/character.s:854
tosdiva0 (div.o):
    level.o                   games/chase/level.s:989
tosicmp (icmp.o):
    horizontal_missile.o      games/chase/horizontal_missile.s:210
    skull.o                   games/chase/skull.s:142
    main.o                    games/chase/main.s:1067
    character.o               games/chase/character.s:854
    character.o               games/chase/character.s:854
    sleep_macros.o            cross_lib/sleep/sleep_macros.s:46
tosmoda0 (mod.o):
    character.o               games/chase/character.s:854
tosmula0 (mul8.o):
    level.o                   games/chase/level.s:989
tosmulax (mul.o):
    main.o                    games/chase/main.s:1067
    sleep_macros.o            cross_lib/sleep/sleep_macros.s:46
tossuba0 (sub.o):
    main.o                    games/chase/main.s:1067
    level.o                   games/chase/level.s:989
    level.o                   games/chase/level.s:989
    text_macros.o             cross_lib/text/text_macros.s:46
tossubax (sub.o):
    apple2_hgr_init_graphics.o cross_lib/display/init_graphics/cc65/apple2/apple2_hgr_init_graphics.s:1303
    skull.o                   games/chase/skull.s:142
    skull.o                   games/chase/skull.s:142
    ghost.o                   games/chase/ghost.s:165
tosudivax (udiv.o):
    main.o                    games/chase/main.s:1067
tosumoda0 (umod.o):
    level.o                   games/chase/level.s:989
    level.o                   games/chase/level.s:989
    level.o                   games/chase/level.s:989
    level.o                   games/chase/level.s:989
    level.o                   games/chase/level.s:989
    level.o                   games/chase/level.s:989
udiv16 (udiv.o):
    umod.o                    runtime/umod.s:8
    shelp.o                   runtime/shelp.s:11
zerobss (zerobss.o):
    crt0.o                    apple2/crt0.s:11

